// Jest Snapshot v1, https://goo.gl/fbAQLP

exports[`Advertisement  Component Should render Advertisement Component correctly 1`] = `
{
  "asFragment": [Function],
  "baseElement": <body>
    <div>
      <div
        class="chakra-stack css-1og1eqr"
      >
        <div
          class="css-15v75y9"
        >
          <img
            alt="ads"
            class="chakra-image css-1pf988g"
            src="https://cdn.eva.vn/upload/1-2023/images/2023-03-13/con-gai-thieu-gia-nganh-may-mac-va-hotgirl-ha-thanh-la-the-luc-nhi-sieu-hot-lap-ky-luc-chua-tung-co--312664461_5569265269788525_490616098331863877_n-1678699659-789-width780height780.jpg"
          />
          <div
            class="css-0"
          >
            <p
              class="chakra-text css-0"
            >
              ICC Officials
            </p>
            <a
              aria-label="officials"
              class="chakra-link css-0"
              href="#"
            >
              @icc_officials
            </a>
          </div>
        </div>
        <div
          class="css-15v75y9"
        >
          <img
            alt="ads"
            class="chakra-image css-1pf988g"
            src="https://kenh14cdn.com/203336854389633024/2023/9/22/photo-18-1695382154012318071367.jpg"
          />
          <div
            class="css-0"
          >
            <p
              class="chakra-text css-0"
            >
              Pamela Officials
            </p>
            <a
              aria-label="officials"
              class="chakra-link css-0"
              href="#"
            >
              @pamela_officials
            </a>
          </div>
        </div>
        <hr
          aria-orientation="horizontal"
          class="chakra-divider css-1upb9tn"
        />
      </div>
    </div>
  </body>,
  "container": <div>
    <div
      class="chakra-stack css-1og1eqr"
    >
      <div
        class="css-15v75y9"
      >
        <img
          alt="ads"
          class="chakra-image css-1pf988g"
          src="https://cdn.eva.vn/upload/1-2023/images/2023-03-13/con-gai-thieu-gia-nganh-may-mac-va-hotgirl-ha-thanh-la-the-luc-nhi-sieu-hot-lap-ky-luc-chua-tung-co--312664461_5569265269788525_490616098331863877_n-1678699659-789-width780height780.jpg"
        />
        <div
          class="css-0"
        >
          <p
            class="chakra-text css-0"
          >
            ICC Officials
          </p>
          <a
            aria-label="officials"
            class="chakra-link css-0"
            href="#"
          >
            @icc_officials
          </a>
        </div>
      </div>
      <div
        class="css-15v75y9"
      >
        <img
          alt="ads"
          class="chakra-image css-1pf988g"
          src="https://kenh14cdn.com/203336854389633024/2023/9/22/photo-18-1695382154012318071367.jpg"
        />
        <div
          class="css-0"
        >
          <p
            class="chakra-text css-0"
          >
            Pamela Officials
          </p>
          <a
            aria-label="officials"
            class="chakra-link css-0"
            href="#"
          >
            @pamela_officials
          </a>
        </div>
      </div>
      <hr
        aria-orientation="horizontal"
        class="chakra-divider css-1upb9tn"
      />
    </div>
  </div>,
  "debug": [Function],
  "findAllByAltText": [Function],
  "findAllByDisplayValue": [Function],
  "findAllByLabelText": [Function],
  "findAllByPlaceholderText": [Function],
  "findAllByRole": [Function],
  "findAllByTestId": [Function],
  "findAllByText": [Function],
  "findAllByTitle": [Function],
  "findByAltText": [Function],
  "findByDisplayValue": [Function],
  "findByLabelText": [Function],
  "findByPlaceholderText": [Function],
  "findByRole": [Function],
  "findByTestId": [Function],
  "findByText": [Function],
  "findByTitle": [Function],
  "getAllByAltText": [Function],
  "getAllByDisplayValue": [Function],
  "getAllByLabelText": [Function],
  "getAllByPlaceholderText": [Function],
  "getAllByRole": [Function],
  "getAllByTestId": [Function],
  "getAllByText": [Function],
  "getAllByTitle": [Function],
  "getByAltText": [Function],
  "getByDisplayValue": [Function],
  "getByLabelText": [Function],
  "getByPlaceholderText": [Function],
  "getByRole": [Function],
  "getByTestId": [Function],
  "getByText": [Function],
  "getByTitle": [Function],
  "queryAllByAltText": [Function],
  "queryAllByDisplayValue": [Function],
  "queryAllByLabelText": [Function],
  "queryAllByPlaceholderText": [Function],
  "queryAllByRole": [Function],
  "queryAllByTestId": [Function],
  "queryAllByText": [Function],
  "queryAllByTitle": [Function],
  "queryByAltText": [Function],
  "queryByDisplayValue": [Function],
  "queryByLabelText": [Function],
  "queryByPlaceholderText": [Function],
  "queryByRole": [Function],
  "queryByTestId": [Function],
  "queryByText": [Function],
  "queryByTitle": [Function],
  "rerender": [Function],
  "unmount": [Function],
}
`;
