// Jest Snapshot v1, https://goo.gl/fbAQLP

exports[`Input render Should match Input DOM Snapshot 1`] = `
Object {
  "asFragment": [Function],
  "baseElement": <body>
    <div>
      <div
        class="sc-bcXHqe eDetyh"
      >
        <div
          class="sc-gswNZR keBqvU"
        >
          <svg
            fill="none"
            height="22"
            width="22"
            xmlns="http://www.w3.org/2000/svg"
          >
            <path
              d="M9.38 18.143c4.629 0 8.38-3.838 8.38-8.572C17.76 4.838 14.01 1 9.38 1 4.752 1 1 4.838 1 9.571c0 4.734 3.752 8.572 8.38 8.572ZM15.666 16l4.888 5"
              stroke="#B8B9BE"
              stroke-linecap="round"
              stroke-linejoin="round"
            />
          </svg>
        </div>
        <input
          class="sc-dkrFOg qLnSR"
          height="53"
          placeholder="Search book"
          type="text"
          width="670"
        />
      </div>
    </div>
  </body>,
  "container": <div>
    <div
      class="sc-bcXHqe eDetyh"
    >
      <div
        class="sc-gswNZR keBqvU"
      >
        <svg
          fill="none"
          height="22"
          width="22"
          xmlns="http://www.w3.org/2000/svg"
        >
          <path
            d="M9.38 18.143c4.629 0 8.38-3.838 8.38-8.572C17.76 4.838 14.01 1 9.38 1 4.752 1 1 4.838 1 9.571c0 4.734 3.752 8.572 8.38 8.572ZM15.666 16l4.888 5"
            stroke="#B8B9BE"
            stroke-linecap="round"
            stroke-linejoin="round"
          />
        </svg>
      </div>
      <input
        class="sc-dkrFOg qLnSR"
        height="53"
        placeholder="Search book"
        type="text"
        width="670"
      />
    </div>
  </div>,
  "debug": [Function],
  "findAllByAltText": [Function],
  "findAllByDisplayValue": [Function],
  "findAllByLabelText": [Function],
  "findAllByPlaceholderText": [Function],
  "findAllByRole": [Function],
  "findAllByTestId": [Function],
  "findAllByText": [Function],
  "findAllByTitle": [Function],
  "findByAltText": [Function],
  "findByDisplayValue": [Function],
  "findByLabelText": [Function],
  "findByPlaceholderText": [Function],
  "findByRole": [Function],
  "findByTestId": [Function],
  "findByText": [Function],
  "findByTitle": [Function],
  "getAllByAltText": [Function],
  "getAllByDisplayValue": [Function],
  "getAllByLabelText": [Function],
  "getAllByPlaceholderText": [Function],
  "getAllByRole": [Function],
  "getAllByTestId": [Function],
  "getAllByText": [Function],
  "getAllByTitle": [Function],
  "getByAltText": [Function],
  "getByDisplayValue": [Function],
  "getByLabelText": [Function],
  "getByPlaceholderText": [Function],
  "getByRole": [Function],
  "getByTestId": [Function],
  "getByText": [Function],
  "getByTitle": [Function],
  "queryAllByAltText": [Function],
  "queryAllByDisplayValue": [Function],
  "queryAllByLabelText": [Function],
  "queryAllByPlaceholderText": [Function],
  "queryAllByRole": [Function],
  "queryAllByTestId": [Function],
  "queryAllByText": [Function],
  "queryAllByTitle": [Function],
  "queryByAltText": [Function],
  "queryByDisplayValue": [Function],
  "queryByLabelText": [Function],
  "queryByPlaceholderText": [Function],
  "queryByRole": [Function],
  "queryByTestId": [Function],
  "queryByText": [Function],
  "queryByTitle": [Function],
  "rerender": [Function],
  "unmount": [Function],
}
`;

exports[`InputShop render Should match Input DOM Snapshot 1`] = `
Object {
  "asFragment": [Function],
  "baseElement": <body>
    <div>
      <div
        class="sc-bcXHqe eDetyh"
      >
        <div
          class="sc-gswNZR keBqvU"
        >
          <svg
            fill="none"
            height="22"
            width="22"
            xmlns="http://www.w3.org/2000/svg"
          >
            <path
              d="M9.38 18.143c4.629 0 8.38-3.838 8.38-8.572C17.76 4.838 14.01 1 9.38 1 4.752 1 1 4.838 1 9.571c0 4.734 3.752 8.572 8.38 8.572ZM15.666 16l4.888 5"
              stroke="#B8B9BE"
              stroke-linecap="round"
              stroke-linejoin="round"
            />
          </svg>
        </div>
        <input
          class="sc-dkrFOg qLnSR"
          height="53"
          placeholder="Search book"
          type="text"
          width="670"
        />
      </div>
    </div>
  </body>,
  "container": <div>
    <div
      class="sc-bcXHqe eDetyh"
    >
      <div
        class="sc-gswNZR keBqvU"
      >
        <svg
          fill="none"
          height="22"
          width="22"
          xmlns="http://www.w3.org/2000/svg"
        >
          <path
            d="M9.38 18.143c4.629 0 8.38-3.838 8.38-8.572C17.76 4.838 14.01 1 9.38 1 4.752 1 1 4.838 1 9.571c0 4.734 3.752 8.572 8.38 8.572ZM15.666 16l4.888 5"
            stroke="#B8B9BE"
            stroke-linecap="round"
            stroke-linejoin="round"
          />
        </svg>
      </div>
      <input
        class="sc-dkrFOg qLnSR"
        height="53"
        placeholder="Search book"
        type="text"
        width="670"
      />
    </div>
  </div>,
  "debug": [Function],
  "findAllByAltText": [Function],
  "findAllByDisplayValue": [Function],
  "findAllByLabelText": [Function],
  "findAllByPlaceholderText": [Function],
  "findAllByRole": [Function],
  "findAllByTestId": [Function],
  "findAllByText": [Function],
  "findAllByTitle": [Function],
  "findByAltText": [Function],
  "findByDisplayValue": [Function],
  "findByLabelText": [Function],
  "findByPlaceholderText": [Function],
  "findByRole": [Function],
  "findByTestId": [Function],
  "findByText": [Function],
  "findByTitle": [Function],
  "getAllByAltText": [Function],
  "getAllByDisplayValue": [Function],
  "getAllByLabelText": [Function],
  "getAllByPlaceholderText": [Function],
  "getAllByRole": [Function],
  "getAllByTestId": [Function],
  "getAllByText": [Function],
  "getAllByTitle": [Function],
  "getByAltText": [Function],
  "getByDisplayValue": [Function],
  "getByLabelText": [Function],
  "getByPlaceholderText": [Function],
  "getByRole": [Function],
  "getByTestId": [Function],
  "getByText": [Function],
  "getByTitle": [Function],
  "queryAllByAltText": [Function],
  "queryAllByDisplayValue": [Function],
  "queryAllByLabelText": [Function],
  "queryAllByPlaceholderText": [Function],
  "queryAllByRole": [Function],
  "queryAllByTestId": [Function],
  "queryAllByText": [Function],
  "queryAllByTitle": [Function],
  "queryByAltText": [Function],
  "queryByDisplayValue": [Function],
  "queryByLabelText": [Function],
  "queryByPlaceholderText": [Function],
  "queryByRole": [Function],
  "queryByTestId": [Function],
  "queryByText": [Function],
  "queryByTitle": [Function],
  "rerender": [Function],
  "unmount": [Function],
}
`;
